version https://git-lfs.github.com/spec/v1
oid sha256:42ee4966d8b6c01cdd2ade54c60e33bead0e8ace9abe79c172e1b377b1b76185
size 20
