version https://git-lfs.github.com/spec/v1
oid sha256:b48222876a51ec8d7a19f01086796da5b651e4ab8be0eb4ec96c75dfe20b0558
size 20
