version https://git-lfs.github.com/spec/v1
oid sha256:c6cead6dec023c4a5b38c6dd1d71e40b72239837663d8f53e60b3179af73c203
size 20
