version https://git-lfs.github.com/spec/v1
oid sha256:0501c60d4bbaed14bc6b877006256a8933d6b9e1f1fc4359837576ff647876e1
size 20
