version https://git-lfs.github.com/spec/v1
oid sha256:0ae6430434d91af6b3cbf5bcb55c36ca06126871b3b277a3c49939d50b5c218e
size 20
