version https://git-lfs.github.com/spec/v1
oid sha256:8c8af8d9595a98b25bd0eec6183c0dc72d2b819fc40789ed70f1975bfc0fbcc5
size 20
