version https://git-lfs.github.com/spec/v1
oid sha256:c8ca778f85cadea91eea4fdce86bbebb223beae8257b239ea39e8d94119dbcf8
size 20
