version https://git-lfs.github.com/spec/v1
oid sha256:6f74d7bb8493b98e9447e18ac3a3d49c38f9aca207a3dcaba6083f9dd7185615
size 20
