version https://git-lfs.github.com/spec/v1
oid sha256:16a4e35ae63d0f80e6dd30bfa9ac99a5a444da5f74e65f9189e159f2d6ebd85f
size 20
