version https://git-lfs.github.com/spec/v1
oid sha256:276de21c2e994b71dd74fece42fa92b5763fd6f56141ee5b10c26db1e3b2948f
size 20
