version https://git-lfs.github.com/spec/v1
oid sha256:8df94cba11bd87e6e8026039b76066cbf26e87d2bf118b6093b93b2e11520043
size 20
